2026-07-21 23:57 | USDJPY 163.0 上破 163.0 | 干预引爆线 | 突破40年低点162.84。财务省已明示随时行动,干预→日元瞬升2-3円→海外仓JPY计价缩水
2026-07-22 09:18 | 日经225 66,860.9 上破 66,800 | 恐慌全收复线 | 上周四收盘+MA50上方。站稳=本轮AI恐慌在日本正式翻篇
2026-07-23 08:57 | Brent原油 95.5 上破 95 | 石油冲击线 | 中东冲突升级为供给冲击,滞胀警报,丰田双重承压(成本+消费)
2026-07-23 09:23 | 日经225 66,910.2 上破 66,800 | 恐慌全收复线 | 上周四收盘+MA50上方。站稳=本轮AI恐慌在日本正式翻篇
2026-07-23 10:00 | 日经225 66,828.5 上破 66,800 | 恐慌全收复线 | 上周四收盘+MA50上方。站稳=本轮AI恐慌在日本正式翻篇
2026-07-24 01:02 | Brent原油 100.4 上破 95 | 石油冲击线 | 中东冲突升级为供给冲击,滞胀警报,丰田双重承压(成本+消费)
2026-07-28 09:19 | 日经225 64,088.1 下破 64,141 | 修复失败线 | 上周五恐慌收盘位=本轮修复的地基。跌回去=本周反弹全部还回,定性从'超跌修复'变'下跌中继'
2026-07-28 09:40 | 日经225 62,529.1 下破 62,700 | 二次探底线 | 上周五盘中恐慌低点。破=技术转入下降通道,看政府/日银是否口头维稳
2026-07-28 09:51 | 铠侠 45,210.0 下破 50,000 | 信心破产线 | 上周五恐慌低点区。破=专利案+财报前信心二次崩塌,存储链情绪风向标
2026-07-28 12:50 | 丰田 3,001.0 上破 3,000 | 关税缓解线 | 心理关口+MA50上方。站上=关税缓解交易启动
2026-07-28 22:34 | 费半ETF 531.0 下破 536 | 熊市确认线 | 距高点-20%。破=capex消化进入第二阶段,对照2024-08剧本(-24.8%→SMH 503)
2026-07-28 22:34 | 英伟达 194.7 下破 195 | 龙头破位线 | $200心理关口下方确认。破=市场开始real怀疑FY28的EPS翻倍预期
2026-07-29 09:30 | 日经225 62,687.6 下破 62,700 | 二次探底线 | 上周五盘中恐慌低点。破=技术转入下降通道,看政府/日银是否口头维稳
2026-07-29 09:46 | 日经225 62,660.0 下破 62,700 | 二次探底线 | 上周五盘中恐慌低点。破=技术转入下降通道,看政府/日银是否口头维稳
2026-07-29 22:54 | 英伟达 194.5 下破 195 | 龙头破位线 | $200心理关口下方确认。破=市场开始real怀疑FY28的EPS翻倍预期
2026-07-29 23:40 | 标普ETF 734.7 下破 735 | 轮动失守线 | 7月平台低点。破=半导体恐慌扩散为普跌,你52%美股敞口的警戒线
2026-07-30 04:09 | 英伟达 194.6 下破 195 | 龙头破位线 | $200心理关口下方确认。破=市场开始real怀疑FY28的EPS翻倍预期
2026-07-30 04:35 | 标普ETF 733.1 下破 735 | 轮动失守线 | 7月平台低点。破=半导体恐慌扩散为普跌,你52%美股敞口的警戒线
2026-07-30 23:10 | 费半ETF 535.9 下破 536 | 熊市确认线 | 距高点-20%。破=capex消化进入第二阶段,对照2024-08剧本(-24.8%→SMH 503)
2026-07-30 23:54 | 费半ETF 535.4 下破 536 | 熊市确认线 | 距高点-20%。破=capex消化进入第二阶段,对照2024-08剧本(-24.8%→SMH 503)
2026-07-30 23:54 | 英伟达 194.9 下破 195 | 龙头破位线 | $200心理关口下方确认。破=市场开始real怀疑FY28的EPS翻倍预期
2026-07-31 00:32 | 费半ETF 535.9 下破 536 | 熊市确认线 | 距高点-20%。破=capex消化进入第二阶段,对照2024-08剧本(-24.8%→SMH 503)
2026-07-31 01:43 | 费半ETF 534.4 下破 536 | 熊市确认线 | 距高点-20%。破=capex消化进入第二阶段,对照2024-08剧本(-24.8%→SMH 503)
2026-07-31 03:19 | 费半ETF 536.0 下破 536 | 熊市确认线 | 距高点-20%。破=capex消化进入第二阶段,对照2024-08剧本(-24.8%→SMH 503)
2026-07-31 13:03 | 日经225 63,921.2 下破 64,141 | 修复失败线 | 上周五恐慌收盘位=本轮修复的地基。跌回去=本周反弹全部还回,定性从'超跌修复'变'下跌中继'
2026-07-31 14:59 | 日经225 64,080.4 下破 64,141 | 修复失败线 | 上周五恐慌收盘位=本轮修复的地基。跌回去=本周反弹全部还回,定性从'超跌修复'变'下跌中继'
2026-07-31 23:10 | 费半ETF 535.7 下破 536 | 熊市确认线 | 距高点-20%。破=capex消化进入第二阶段,对照2024-08剧本(-24.8%→SMH 503)
2026-08-03 08:57 | USDJPY 157.6 下破 158.0 | 日元逆转线 | 干预成功或Fed转向。你80%海外资产的汇率顺风终结警报
2026-08-03 09:18 | 日经225 63,444.5 下破 64,141 | 修复失败线 | 上周五恐慌收盘位=本轮修复的地基。跌回去=本周反弹全部还回,定性从'超跌修复'变'下跌中继'
2026-08-03 11:41 | 铠侠 49,730.0 下破 50,000 | 信心破产线 | 上周五恐慌低点区。破=专利案+财报前信心二次崩塌,存储链情绪风向标
2026-08-03 13:10 | 铠侠 49,920.0 下破 50,000 | 信心破产线 | 上周五恐慌低点区。破=专利案+财报前信心二次崩塌,存储链情绪风向标
2026-08-03 22:34 | 费半ETF 525.9 下破 536 | 熊市确认线 | 距高点-20%。破=capex消化进入第二阶段,对照2024-08剧本(-24.8%→SMH 503)
2026-08-04 02:31 | 标普ETF 757.1 上破 757 | 新高线 | 52周高。破=AI恐慌正式翻篇,大盘续牛
2026-08-04 09:42 | 铠侠 49,350.0 下破 50,000 | 信心破产线 | 上周五恐慌低点区。破=专利案+财报前信心二次崩塌,存储链情绪风向标
2026-08-04 12:52 | 铠侠 49,940.0 下破 50,000 | 信心破产线 | 上周五恐慌低点区。破=专利案+财报前信心二次崩塌,存储链情绪风向标
2026-08-06 09:28 | 铠侠 49,580.0 下破 50,000 | 信心破产线 | 上周五恐慌低点区。破=专利案+财报前信心二次崩塌,存储链情绪风向标
2026-08-07 09:57 | 丰田 3,010.0 上破 3,000 | 关税缓解线 | 心理关口+MA50上方。站上=关税缓解交易启动
2026-08-10 10:35 | 日经225 66,863.4 上破 66,800 | 恐慌全收复线 | 上周四收盘+MA50上方。站稳=本轮AI恐慌在日本正式翻篇
2026-08-12 09:23 | 丰田 3,003.0 上破 3,000 | 关税缓解线 | 心理关口+MA50上方。站上=关税缓解交易启动
2026-08-12 13:59 | 铠侠 49,960.0 下破 50,000 | 信心破产线 | 上周五恐慌低点区。破=专利案+财报前信心二次崩塌,存储链情绪风向标
2026-08-12 14:46 | 铠侠 49,930.0 下破 50,000 | 信心破产线 | 上周五恐慌低点区。破=专利案+财报前信心二次崩塌,存储链情绪风向标
2026-08-13 09:28 | 丰田 3,008.0 上破 3,000 | 关税缓解线 | 心理关口+MA50上方。站上=关税缓解交易启动
2026-08-14 09:34 | 丰田 3,008.0 上破 3,000 | 关税缓解线 | 心理关口+MA50上方。站上=关税缓解交易启动
2026-08-19 13:59 | 铠侠 49,830.0 下破 50,000 | 信心破产线 | 上周五恐慌低点区。破=专利案+财报前信心二次崩塌,存储链情绪风向标
2026-08-19 14:31 | 铠侠 49,790.0 下破 50,000 | 信心破产线 | 上周五恐慌低点区。破=专利案+财报前信心二次崩塌,存储链情绪风向标
2026-08-19 22:26 | 铠侠 49,970.0 下破 50,000 | 信心破产线 | 上周五恐慌低点区。破=专利案+财报前信心二次崩塌,存储链情绪风向标
2026-08-20 09:23 | 丰田 3,024.0 上破 3,000 | 关税缓解线 | 心理关口+MA50上方。站上=关税缓解交易启动
2026-08-27 09:20 | 日经225 66,924.1 上破 66,800 | 恐慌全收复线 | 上周四收盘+MA50上方。站稳=本轮AI恐慌在日本正式翻篇
2026-08-28 11:35 | 日经225 66,805.8 上破 66,800 | 恐慌全收复线 | 上周四收盘+MA50上方。站稳=本轮AI恐慌在日本正式翻篇
2026-08-28 11:46 | 铠侠 49,990.0 下破 50,000 | 信心破产线 | 上周五恐慌低点区。破=专利案+财报前信心二次崩塌,存储链情绪风向标
2026-09-01 10:43 | 铠侠 49,820.0 下破 50,000 | 信心破产线 | 上周五恐慌低点区。破=专利案+财报前信心二次崩塌,存储链情绪风向标
2026-09-02 04:07 | Brent原油 95.1 上破 95 | 石油冲击线 | 中东冲突升级为供给冲击,滞胀警报,丰田双重承压(成本+消费)
2026-09-02 09:23 | 铠侠 49,890.0 下破 50,000 | 信心破产线 | 上周五恐慌低点区。破=专利案+财报前信心二次崩塌,存储链情绪风向标
2026-09-03 00:03 | Brent原油 95.2 上破 95 | 石油冲击线 | 中东冲突升级为供给冲击,滞胀警报,丰田双重承压(成本+消费)
